// Vitest Snapshot v1, https://vitest.dev/guide/snapshot.html

exports[`getMatch > should fetch ffvbbeach.org data 1`] = `
[
  " 2021/2022",
  "POULE A1 COMPETLIB - LA1",
  "ASPTT 1",
  "-----",
  "ASBR 1",
  "Match: LA1A021 - Lundi 28 Février 2022 à 20h30",
  "Salle",
  "SALLE LONGCHAMP",
  "RUE PINEAU CHAILLOU  ",
  "44300 NANTES",
  "Tél.: 0240494607",
  "Arbitre(s) ",
  "A1. ",
  "A2. ",
  "ASPTT NANTES",
  "3 - 0442446",
  "Ligue PAYS DE LA LOIRE",
  "   |   M. PAPIN MANUEL (Pdt)",
  "Correspondant :",
  "M. PAPIN MANUEL",
  "4 RUE CHARLES TERRONT",
  "44300 NANTES",
  "Port.: ",
  "06.76.39.01.11",
  "Mél.: ",
  "manuel.papin@laposte.net",
  "Salle principale :",
  "SALLE LONGCHAMP",
  "RUE PINEAU CHAILLOU",
  "44300 NANTES",
  "Tél.: ",
  "0240494607",
  "Salle de repli :",
  " ",
  "ASBR VOLLEY-BALL DETENTE",
  "10 - 0442443",
  "Ligue PAYS DE LA LOIRE",
  "   |   M. PILORGE JACQUES (Pdt)",
  "Correspondant :",
  "PILORGE JACQUES",
  "8 RUE DE RUTHERFORD",
  "44400 REZE",
  "Port.: ",
  "06.63.53.83.95",
  "Mél.: ",
  "asbrvolleyballdetente@gmail.com",
  "Salle principale :",
  "GYMNASE L. ET M. LIBERGE",
  "11 RUE DE LA GALARNIERE",
  "44400 REZE",
  "Tél.: ",
  "0240754858",
  "Salle de repli :",
  " ",
  "Loire-Atlantique",
  "44 RUE ROMAIN ROLLAND   ",
  "44100 NANTES",
  "volley44@orange.fr",
]
`;
